// Jest Snapshot v1, https://goo.gl/fbAQLP

exports[`DepthChartCanvas render should set bids and asks correctly 1`] = `
Array [
  Object {
    "amount": 2.0008,
    "difference": 14.03682309,
    "price": 19264,
    "total": 14.03682309,
    "x0": 23,
    "x1": 23,
    "y": 182,
  },
  Object {
    "amount": 0.6987225,
    "difference": -2.0008,
    "price": 19265,
    "total": 12.03602309,
    "x0": 23,
    "x1": 46.173913043478265,
    "y": 195,
  },
  Object {
    "amount": 1.1962,
    "difference": -0.6987225000000006,
    "price": 19266,
    "total": 11.33730059,
    "x0": 46.173913043478265,
    "x1": 70.34782608695653,
    "y": 199,
  },
  Object {
    "amount": 0.255,
    "difference": -1.1961999999999993,
    "price": 19267,
    "total": 10.14110059,
    "x0": 70.34782608695653,
    "x1": 94.52173913043478,
    "y": 207,
  },
  Object {
    "amount": 2.94979285,
    "difference": -0.2550000000000008,
    "price": 19268,
    "total": 9.88610059,
    "x0": 94.52173913043478,
    "x1": 118.69565217391305,
    "y": 209,
  },
  Object {
    "amount": 0.9963,
    "difference": -2.9497928499999997,
    "price": 19269,
    "total": 6.93630774,
    "x0": 118.69565217391305,
    "x1": 142.8695652173913,
    "y": 228,
  },
  Object {
    "amount": 1.501,
    "difference": -0.9962999999999997,
    "price": 19270,
    "total": 5.94000774,
    "x0": 142.8695652173913,
    "x1": 167.04347826086956,
    "y": 234,
  },
  Object {
    "amount": 0.0008,
    "difference": -1.5010000000000003,
    "price": 19271,
    "total": 4.43900774,
    "x0": 167.04347826086956,
    "x1": 191.21739130434784,
    "y": 244,
  },
  Object {
    "amount": 0.0008,
    "difference": -0.0007999999999999119,
    "price": 19272,
    "total": 4.43820774,
    "x0": 191.21739130434784,
    "x1": 215.3913043478261,
    "y": 244,
  },
  Object {
    "amount": 0.001,
    "difference": -0.0007999999999999119,
    "price": 19273,
    "total": 4.43740774,
    "x0": 215.3913043478261,
    "x1": 239.56521739130434,
    "y": 244,
  },
  Object {
    "amount": 0.001,
    "difference": -0.001000000000000334,
    "price": 19274,
    "total": 4.43640774,
    "x0": 239.56521739130434,
    "x1": 263.7391304347826,
    "y": 244,
  },
  Object {
    "amount": 4.43540774,
    "difference": -0.001000000000000334,
    "price": 19275,
    "total": 4.43540774,
    "x0": 263.7391304347826,
    "x1": 287.9130434782609,
    "y": 244,
  },
]
`;

exports[`DepthChartCanvas render should set bids and asks correctly 2`] = `
Array [
  Object {
    "amount": -26.36653064,
    "difference": -0.10000000000000142,
    "price": 19276,
    "total": 26.36653064,
    "x0": 312.0869565217391,
    "x1": 336.2608695652174,
    "y": 101,
  },
  Object {
    "amount": -0.1,
    "difference": -0.8399999999999999,
    "price": 19277,
    "total": 26.466530640000002,
    "x0": 336.2608695652174,
    "x1": 360.4347826086957,
    "y": 101,
  },
  Object {
    "amount": -0.84,
    "difference": -3.3348310199999993,
    "price": 19278,
    "total": 27.306530640000002,
    "x0": 360.4347826086957,
    "x1": 384.60869565217394,
    "y": 95,
  },
  Object {
    "amount": -3.33483102,
    "difference": -0.28889251000000016,
    "price": 19279,
    "total": 30.64136166,
    "x0": 384.60869565217394,
    "x1": 408.7826086956522,
    "y": 74,
  },
  Object {
    "amount": -0.28889251,
    "difference": -0.5875423700000013,
    "price": 19280,
    "total": 30.93025417,
    "x0": 408.7826086956522,
    "x1": 432.9565217391304,
    "y": 72,
  },
  Object {
    "amount": -0.58754237,
    "difference": -1.202272500000003,
    "price": 19281,
    "total": 31.517796540000003,
    "x0": 432.9565217391304,
    "x1": 457.1304347826087,
    "y": 68,
  },
  Object {
    "amount": -1.2022725,
    "difference": -2.3439445300000017,
    "price": 19282,
    "total": 32.720069040000006,
    "x0": 457.1304347826087,
    "x1": 481.30434782608694,
    "y": 60,
  },
  Object {
    "amount": -2.34394453,
    "difference": -0.6293270999999976,
    "price": 19283,
    "total": 35.06401357000001,
    "x0": 481.30434782608694,
    "x1": 505.4782608695652,
    "y": 45,
  },
  Object {
    "amount": -0.6293271,
    "difference": -1.6200352500000008,
    "price": 19284,
    "total": 35.693340670000005,
    "x0": 505.4782608695652,
    "x1": 529.6521739130435,
    "y": 41,
  },
  Object {
    "amount": -1.62003525,
    "difference": -2.643099999999997,
    "price": 19285,
    "total": 37.313375920000006,
    "x0": 529.6521739130435,
    "x1": 553.8260869565217,
    "y": 30,
  },
  Object {
    "amount": -2.6431,
    "difference": -0.9247999999999976,
    "price": 19286,
    "total": 39.95647592,
    "x0": 553.8260869565217,
    "x1": 577,
    "y": 13,
  },
  Object {
    "amount": -0.9248,
    "difference": 40.88127592,
    "price": 19287,
    "total": 40.88127592,
    "x0": 577,
    "x1": 577,
    "y": 7,
  },
]
`;
